[    0.000000] Linux version 4.15.0-191-generic (buildd@lcy02-amd64-032) (gcc version 7.5.0 (Ubuntu 7.5.0-3ubuntu1~18.04)) #202-Ubuntu SMP Thu Aug 4 01:49:29 UTC 2022 (Ubuntu 4.15.0-191.202-generic 4.15.18)
[    0.000000] Command line: BOOT_IMAGE=/boot/vmlinuz-4.15.0-191-generic root=LABEL=cloudimg-rootfs ro console=tty1 console=ttyS0
[    0.000000] KERNEL supported cpus:
[    0.000000]   Intel GenuineIntel
[    0.000000]   AMD AuthenticAMD
[    0.000000]   Centaur CentaurHauls
[    0.000000] x86/fpu: Supporting XSAVE feature 0x001: 'x87 floating point registers'
[    0.000000] x86/fpu: Supporting XSAVE feature 0x002: 'SSE registers'
[    0.000000] x86/fpu: Supporting XSAVE feature 0x004: 'AVX registers'
[    0.000000] x86/fpu: xstate_offset[2]:  576, xstate_sizes[2]:  256
[    0.000000] x86/fpu: Enabled xstate features 0x7, context size is 832 bytes, using 'standard' format.
[    0.000000] e820: BIOS-provided physical RAM map:
[    0.000000] BIOS-e820: [mem 0x0000000000000000-0x000000000009fbff] usable
[    0.000000] BIOS-e820: [mem 0x000000000009fc00-0x000000000009ffff] reserved
[    0.000000] BIOS-e820: [mem 0x00000000000f0000-0x00000000000fffff] reserved
[    0.000000] BIOS-e820: [mem 0x0000000000100000-0x000000001ffeffff] usable
[    0.000000] BIOS-e820: [mem 0x000000001fff0000-0x000000001fffffff] ACPI data
[    0.000000] BIOS-e820: [mem 0x00000000fec00000-0x00000000fec00fff] reserved
[    0.000000] BIOS-e820: [mem 0x00000000fee00000-0x00000000fee00fff] reserved
[    0.000000] BIOS-e820: [mem 0x00000000fffc0000-0x00000000ffffffff] reserved
[    0.000000] NX (Execute Disable) protection: active
[    0.000000] SMBIOS 2.5 present.
[    0.000000] DMI: innotek GmbH VirtualBox/VirtualBox, BIOS VirtualBox 12/01/2006
[    0.000000] Hypervisor detected: KVM
[    0.000000] e820: last_pfn = 0x1fff0 max_arch_pfn = 0x400000000
[    0.000000] MTRR: Disabled
[    0.000000] x86/PAT: MTRRs disabled, skipping PAT initialization too.
[    0.000000] CPU MTRRs all blank - virtualized system.
[    0.000000] x86/PAT: Configuration [0-7]: WB  WT  UC- UC  WB  WT  UC- UC  
[    0.000000] found SMP MP-table at [mem 0x0009fff0-0x0009ffff]
[    0.000000] Scanning 1 areas for low memory corruption
[    0.000000] RAMDISK: [mem 0x1dafd000-0x1ee0efff]
[    0.000000] ACPI: Early table checksum verification disabled
[    0.000000] ACPI: RSDP 0x00000000000E0000 000024 (v02 VBOX  )
[    0.000000] ACPI: XSDT 0x000000001FFF0030 00003C (v01 VBOX   VBOXXSDT 00000001 ASL  00000061)
[    0.000000] ACPI: FACP 0x000000001FFF00F0 0000F4 (v04 VBOX   VBOXFACP 00000001 ASL  00000061)
[    0.000000] ACPI: DSDT 0x000000001FFF0470 002325 (v02 VBOX   VBOXBIOS 00000002 INTL 20100528)
[    0.000000] ACPI: FACS 0x000000001FFF0200 000040
[    0.000000] ACPI: FACS 0x000000001FFF0200 000040
[    0.000000] ACPI: APIC 0x000000001FFF0240 000054 (v02 VBOX   VBOXAPIC 00000001 ASL  00000061)
[    0.000000] ACPI: SSDT 0x000000001FFF02A0 0001CC (v01 VBOX   VBOXCPUT 00000002 INTL 20100528)
[    0.000000] ACPI: Reserving FACP table memory at [mem 0x1fff00f0-0x1fff01e3]
[    0.000000] ACPI: Reserving DSDT table memory at [mem 0x1fff0470-0x1fff2794]
[    0.000000] ACPI: Reserving FACS table memory at [mem 0x1fff0200-0x1fff023f]
[    0.000000] ACPI: Reserving FACS table memory at [mem 0x1fff0200-0x1fff023f]
[    0.000000] ACPI: Reserving APIC table memory at [mem 0x1fff0240-0x1fff0293]
[    0.000000] ACPI: Reserving SSDT table memory at [mem 0x1fff02a0-0x1fff046b]
[    0.000000] No NUMA configuration found
[    0.000000] Faking a node at [mem 0x0000000000000000-0x000000001ffeffff]
[    0.000000] NODE_DATA(0) allocated [mem 0x1ffc5000-0x1ffeffff]
[    0.000000] kvm-clock: cpu 0, msr 0:1ff44001, primary cpu clock
[    0.000000] kvm-clock: Using msrs 4b564d01 and 4b564d00
[    0.000000] kvm-clock: using sched offset of 3685751967 cycles
[    0.000000] clocksource: kvm-clock: mask: 0xffffffffffffffff max_cycles: 0x1cd42e4dffb, max_idle_ns: 881590591483 ns
[    0.000000] Zone ranges:
[    0.000000]   DMA      [mem 0x0000000000001000-0x0000000000ffffff]
[    0.000000]   DMA32    [mem 0x0000000001000000-0x000000001ffeffff]
[    0.000000]   Normal   empty
[    0.000000]   Device   empty
[    0.000000] Movable zone start for each node
[    0.000000] Early memory node ranges
[    0.000000]   node   0: [mem 0x0000000000001000-0x000000000009efff]
[    0.000000]   node   0: [mem 0x0000000000100000-0x000000001ffeffff]
[    0.000000] Reserved but unavailable: 104 pages
[    0.000000] Initmem setup node 0 [mem 0x0000000000001000-0x000000001ffeffff]
[    0.000000] ACPI: PM-Timer IO Port: 0x4008
[    0.000000] IOAPIC[0]: apic_id 1, version 32, address 0xfec00000, GSI 0-23
[    0.000000] ACPI: INT_SRC_OVR (bus 0 bus_irq 0 global_irq 2 dfl dfl)
[    0.000000] ACPI: INT_SRC_OVR (bus 0 bus_irq 9 global_irq 9 low level)
[    0.000000] Using ACPI (MADT) for SMP configuration information
[    0.000000] smpboot: Allowing 1 CPUs, 0 hotplug CPUs
[    0.000000] PM: Registered nosave memory: [mem 0x00000000-0x00000fff]
[    0.000000] PM: Registered nosave memory: [mem 0x0009f000-0x0009ffff]
[    0.000000] PM: Registered nosave memory: [mem 0x000a0000-0x000effff]
[    0.000000] PM: Registered nosave memory: [mem 0x000f0000-0x000fffff]
[    0.000000] e820: [mem 0x20000000-0xfebfffff] available for PCI devices
[    0.000000] Booting paravirtualized kernel on KVM
[    0.000000] clocksource: refined-jiffies: mask: 0xffffffff max_cycles: 0xffffffff, max_idle_ns: 7645519600211568 ns
[    0.000000] random: get_random_bytes called from start_kernel+0x99/0x500 with crng_init=0
[    0.000000] setup_percpu: NR_CPUS:8192 nr_cpumask_bits:1 nr_cpu_ids:1 nr_node_ids:1
[    0.000000] percpu: Embedded 50 pages/cpu s167936 r8192 d28672 u2097152
[    0.000000] PV qspinlock hash table entries: 256 (order: 0, 4096 bytes)
[    0.000000] Built 1 zonelists, mobility grouping on.  Total pages: 128889
[    0.000000] Policy zone: DMA32
[    0.000000] Kernel command line: BOOT_IMAGE=/boot/vmlinuz-4.15.0-191-generic root=LABEL=cloudimg-rootfs ro console=tty1 console=ttyS0
[    0.000000] Memory: 466752K/523832K available (12300K kernel code, 2484K rwdata, 4324K rodata, 2468K init, 2724K bss, 57080K reserved, 0K cma-reserved)
[    0.000000] SLUB: HWalign=64, Order=0-3, MinObjects=0, CPUs=1, Nodes=1
[    0.000000] Kernel/User page tables isolation: enabled
[    0.000000] ftrace: allocating 39485 entries in 155 pages
[    0.004000] Hierarchical RCU implementation.
[    0.004000] 	RCU restricting CPUs from NR_CPUS=8192 to nr_cpu_ids=1.
[    0.004000] 	Tasks RCU enabled.
[    0.004000] RCU: Adjusting geometry for rcu_fanout_leaf=16, nr_cpu_ids=1
[    0.004000] NR_IRQS: 524544, nr_irqs: 256, preallocated irqs: 16
[    0.004000] Console: colour VGA+ 80x25
[    0.004000] console [tty1] enabled
[    0.004000] console [ttyS0] enabled
[    0.004000] ACPI: Core revision 20170831
[    0.004000] ACPI: 2 ACPI AML tables successfully acquired and loaded
[    0.004000] APIC: Switch to symmetric I/O mode setup
[    0.004000] x2apic enabled
[    0.004000] Switched APIC routing to physical x2apic.
[    0.004000] ..TIMER: vector=0x30 apic1=0 pin1=2 apic2=-1 pin2=-1
[    0.004005] tsc: Detected 3599.998 MHz processor
[    0.004814] Calibrating delay loop (skipped) preset value.. 7199.99 BogoMIPS (lpj=14399992)
[    0.005539] pid_max: default: 32768 minimum: 301
[    0.008040] Security Framework initialized
[    0.008839] Yama: becoming mindful.
[    0.009512] AppArmor: AppArmor initialized
[    0.010450] Dentry cache hash table entries: 65536 (order: 7, 524288 bytes)
[    0.012040] Inode-cache hash table entries: 32768 (order: 6, 262144 bytes)
[    0.013390] Mount-cache hash table entries: 1024 (order: 1, 8192 bytes)
[    0.014514] Mountpoint-cache hash table entries: 1024 (order: 1, 8192 bytes)
[    0.016168] process: using mwait in idle threads
[    0.017240] Last level iTLB entries: 4KB 128, 2MB 8, 4MB 8
[    0.018473] Last level dTLB entries: 4KB 64, 2MB 0, 4MB 0, 1GB 4
[    0.019601] Spectre V1 : Mitigation: usercopy/swapgs barriers and __user pointer sanitization
[    0.020008] Spectre V2 : Mitigation: Retpolines
[    0.020910] Spectre V2 : Spectre v2 / SpectreRSB mitigation: Filling RSB on context switch
[    0.024008] Speculative Store Bypass: Vulnerable
[    0.025346] MDS: Mitigation: Clear CPU buffers
[    0.026196] MMIO Stale Data: Mitigation: Clear CPU buffers
[    0.027324] SRBDS: Unknown: Dependent on hypervisor status
[    0.046086] Freeing SMP alternatives memory: 36K
[    0.158407] smpboot: CPU0: Intel(R) Core(TM) i3-8100 CPU @ 3.60GHz (family: 0x6, model: 0x9e, stepping: 0xb)
[    0.160000] Performance Events: unsupported p6 CPU model 158 no PMU driver, software events only.
[    0.160000] Hierarchical SRCU implementation.
[    0.160538] NMI watchdog: Perf event create on CPU 0 failed with -2
[    0.161608] NMI watchdog: Perf NMI watchdog permanently disabled
[    0.162677] smp: Bringing up secondary CPUs ...
[    0.163486] smp: Brought up 1 node, 1 CPU
[    0.164006] smpboot: Max logical packages: 1
[    0.164774] smpboot: Total of 1 processors activated (7199.99 BogoMIPS)
[    0.166026] devtmpfs: initialized
[    0.166699] x86/mm: Memory block size: 128MB
[    0.168127] evm: security.selinux
[    0.168748] evm: security.SMACK64
[    0.169367] evm: security.SMACK64EXEC
[    0.170110] evm: security.SMACK64TRANSMUTE
[    0.170860] evm: security.SMACK64MMAP
[    0.171525] evm: security.apparmor
[    0.172005] evm: security.ima
[    0.172577] evm: security.capability
[    0.173382] clocksource: jiffies: mask: 0xffffffff max_cycles: 0xffffffff, max_idle_ns: 7645041785100000 ns
[    0.175041] futex hash table entries: 256 (order: 2, 16384 bytes)
[    0.176056] pinctrl core: initialized pinctrl subsystem
[    0.177070] RTC time: 18:30:19, date: 08/12/22
[    0.178143] NET: Registered protocol family 16
[    0.179010] audit: initializing netlink subsys (disabled)
[    0.180154] cpuidle: using governor ladder
[    0.180907] cpuidle: using governor menu
[    0.181662] ACPI: bus type PCI registered
[    0.182417] acpiphp: ACPI Hot Plug PCI Controller Driver version: 0.5
[    0.184006] audit: type=2000 audit(1660329023.819:1): state=initialized audit_enabled=0 res=1
[    0.185579] PCI: Using configuration type 1 for base access
[    0.188359] HugeTLB registered 2.00 MiB page size, pre-allocated 0 pages
[    0.189665] ACPI: Added _OSI(Module Device)
[    0.190421] ACPI: Added _OSI(Processor Device)
[    0.191211] ACPI: Added _OSI(3.0 _SCP Extensions)
[    0.192000] ACPI: Added _OSI(Processor Aggregator Device)
[    0.192015] ACPI: Added _OSI(Linux-Dell-Video)
[    0.192869] ACPI: Added _OSI(Linux-Lenovo-NV-HDMI-Audio)
[    0.193788] ACPI: Added _OSI(Linux-HPI-Hybrid-Graphics)
[    0.195008] ACPI: Executed 1 blocks of module-level executable AML code
[    0.201109] ACPI: Interpreter enabled
[    0.201976] ACPI: (supports S0 S5)
[    0.202627] ACPI: Using IOAPIC for interrupt routing
[    0.203820] PCI: Using host bridge windows from ACPI; if necessary, use "pci=nocrs" and report a bug
[    0.204187] ACPI: Enabled 2 GPEs in block 00 to 07
[    0.213564] ACPI: PCI Root Bridge [PCI0] (domain 0000 [bus 00-ff])
[    0.214995] acpi PNP0A03:00: _OSC: OS supports [ASPM ClockPM Segments MSI]
[    0.216528] acpi PNP0A03:00: _OSC: not requesting OS control; OS requires [ExtendedConfig ASPM ClockPM MSI]
[    0.218282] acpi PNP0A03:00: fail to add MMCONFIG information, can't access extended PCI configuration space under this bridge.
[    0.220447] PCI host bridge to bus 0000:00
[    0.221189] pci_bus 0000:00: root bus resource [io  0x0000-0x0cf7 window]
[    0.222340] pci_bus 0000:00: root bus resource [io  0x0d00-0xffff window]
[    0.224004] pci_bus 0000:00: root bus resource [mem 0x000a0000-0x000bffff window]
[    0.225832] pci_bus 0000:00: root bus resource [mem 0x20000000-0xfdffffff window]
[    0.227146] pci_bus 0000:00: root bus resource [bus 00-ff]
[    0.230326] pci 0000:00:01.1: legacy IDE quirk: reg 0x10: [io  0x01f0-0x01f7]
[    0.232008] pci 0000:00:01.1: legacy IDE quirk: reg 0x14: [io  0x03f6]
[    0.233137] pci 0000:00:01.1: legacy IDE quirk: reg 0x18: [io  0x0170-0x0177]
[    0.234408] pci 0000:00:01.1: legacy IDE quirk: reg 0x1c: [io  0x0376]
[    0.245371] pci 0000:00:07.0: quirk: [io  0x4000-0x403f] claimed by PIIX4 ACPI
[    0.246696] pci 0000:00:07.0: quirk: [io  0x4100-0x410f] claimed by PIIX4 SMB
[    0.254345] ACPI: PCI Interrupt Link [LNKA] (IRQs 5 9 10 *11)
[    0.255781] ACPI: PCI Interrupt Link [LNKB] (IRQs 5 9 *10 11)
[    0.256137] ACPI: PCI Interrupt Link [LNKC] (IRQs 5 *9 10 11)
[    0.257274] ACPI: PCI Interrupt Link [LNKD] (IRQs 5 9 10 *11)
[    0.258765] SCSI subsystem initialized
[    0.260127] pci 0000:00:02.0: vgaarb: setting as boot VGA device
[    0.261183] pci 0000:00:02.0: vgaarb: VGA device added: decodes=io+mem,owns=io+mem,locks=none
[    0.262692] pci 0000:00:02.0: vgaarb: bridge control possible
[    0.263675] vgaarb: loaded
[    0.264043] ACPI: bus type USB registered
[    0.264785] usbcore: registered new interface driver usbfs
[    0.265737] usbcore: registered new interface driver hub
[    0.266685] usbcore: registered new device driver usb
[    0.268080] EDAC MC: Ver: 3.0.0
[    0.269053] PCI: Using ACPI for IRQ routing
[    0.270225] NetLabel: Initializing
[    0.270853] NetLabel:  domain hash size = 128
[    0.271620] NetLabel:  protocols = UNLABELED CIPSOv4 CALIPSO
[    0.272018] NetLabel:  unlabeled traffic allowed by default
[    0.273172] clocksource: Switched to clocksource kvm-clock
[    0.292742] VFS: Disk quotas dquot_6.6.0
[    0.293501] VFS: Dquot-cache hash table entries: 512 (order 0, 4096 bytes)
[    0.294759] AppArmor: AppArmor Filesystem Enabled
[    0.295616] pnp: PnP ACPI init
[    0.297341] pnp: PnP ACPI: found 3 devices
[    0.303520] clocksource: acpi_pm: mask: 0xffffff max_cycles: 0xffffff, max_idle_ns: 2085701024 ns
[    0.305175] NET: Registered protocol family 2
[    0.305997] IP idents hash table entries: 8192 (order: 4, 65536 bytes)
[    0.307365] TCP established hash table entries: 4096 (order: 3, 32768 bytes)
[    0.308654] TCP bind hash table entries: 4096 (order: 4, 65536 bytes)
[    0.309754] TCP: Hash tables configured (established 4096 bind 4096)
[    0.310851] UDP hash table entries: 256 (order: 1, 8192 bytes)
[    0.311866] UDP-Lite hash table entries: 256 (order: 1, 8192 bytes)
[    0.313098] NET: Registered protocol family 1
[    0.313896] pci 0000:00:00.0: Limiting direct PCI/PCI transfers
[    0.314940] pci 0000:00:01.0: Activating ISA DMA hang workarounds
[    0.316074] pci 0000:00:02.0: Video device with shadowed ROM at [mem 0x000c0000-0x000dffff]
[    0.317697] Unpacking initramfs...
[    0.629876] Freeing initrd memory: 19528K
[    0.630772] clocksource: tsc: mask: 0xffffffffffffffff max_cycles: 0x33e451ab1a6, max_idle_ns: 440795278720 ns
[    0.632683] platform rtc_cmos: registered platform RTC device (no PNP device found)
[    0.634088] Scanning for low memory corruption every 60 seconds
[    0.635669] Initialise system trusted keyrings
[    0.636571] Key type blacklist registered
[    0.637359] workingset: timestamp_bits=36 max_order=17 bucket_order=0
[    0.639452] zbud: loaded
[    0.640418] squashfs: version 4.0 (2009/01/31) Phillip Lougher
[    0.641547] fuse init (API version 7.26)
[    0.642962] Key type asymmetric registered
[    0.643729] Asymmetric key parser 'x509' registered
[    0.644654] Block layer SCSI generic (bsg) driver version 0.4 loaded (major 246)
[    0.646076] io scheduler noop registered
[    0.646833] io scheduler deadline registered
[    0.647851] io scheduler cfq registered (default)
[    0.648973] ACPI: AC Adapter [AC] (on-line)
[    0.649791] input: Power Button as /devices/LNXSYSTM:00/LNXPWRBN:00/input/input0
[    0.651171] ACPI: Power Button [PWRF]
[    0.651957] input: Sleep Button as /devices/LNXSYSTM:00/LNXSLPBN:00/input/input1
[    0.653363] ACPI: Sleep Button [SLPF]
[    0.654267] Serial: 8250/16550 driver, 32 ports, IRQ sharing enabled
[    0.676163] 00:02: ttyS0 at I/O 0x3f8 (irq = 4, base_baud = 115200) is a 16550A
[    0.678942] Linux agpgart interface v0.103
[    0.680671] loop: module loaded
[    0.681698] scsi host0: ata_piix
[    0.682427] scsi host1: ata_piix
[    0.683070] ata1: PATA max UDMA/33 cmd 0x1f0 ctl 0x3f6 bmdma 0xd000 irq 14
[    0.684251] ata2: PATA max UDMA/33 cmd 0x170 ctl 0x376 bmdma 0xd008 irq 15
[    0.685744] tun: Universal TUN/TAP device driver, 1.6
[    0.686674] PPP generic driver version 2.4.2
[    0.687732] ehci_hcd: USB 2.0 'Enhanced' Host Controller (EHCI) Driver
[    0.688896] ehci-pci: EHCI PCI platform driver
[    0.689709] ehci-platform: EHCI generic platform driver
[    0.690670] ohci_hcd: USB 1.1 'Open' Host Controller (OHCI) Driver
[    0.691774] ohci-pci: OHCI PCI platform driver
[    0.692736] ohci-platform: OHCI generic platform driver
[    0.693657] uhci_hcd: USB Universal Host Controller Interface driver
[    0.694812] i8042: PNP: PS/2 Controller [PNP0303:PS2K,PNP0f03:PS2M] at 0x60,0x64 irq 1,12
[    0.696835] serio: i8042 KBD port at 0x60,0x64 irq 1
[    0.697747] serio: i8042 AUX port at 0x60,0x64 irq 12
[    0.698694] mousedev: PS/2 mouse device common for all mice
[    0.699963] input: AT Translated Set 2 keyboard as /devices/platform/i8042/serio0/input/input2
[    0.701925] rtc_cmos rtc_cmos: rtc core: registered rtc_cmos as rtc0
[    0.703078] rtc_cmos rtc_cmos: alarms up to one day, 114 bytes nvram
[    0.704197] i2c /dev entries driver
[    0.704964] device-mapper: uevent: version 1.0.3
[    0.705848] device-mapper: ioctl: 4.37.0-ioctl (2017-09-20) initialised: dm-devel@redhat.com
[    0.707375] ledtrig-cpu: registered to indicate activity on CPUs
[    0.708580] intel_pmc_core:  initialized
[    0.709495] NET: Registered protocol family 10
[    0.713170] Segment Routing with IPv6
[    0.713885] NET: Registered protocol family 17
[    0.714726] Key type dns_resolver registered
[    0.715582] mce: Using 0 MCE banks
[    0.716266] RAS: Correctable Errors collector initialized.
[    0.717427] sched_clock: Marking stable (716248013, 0)->(904482165, -188234152)
[    0.718856] registered taskstats version 1
[    0.719602] Loading compiled-in X.509 certificates
[    0.722305] Loaded X.509 cert 'Build time autogenerated kernel key: c22b55fccca0ab4a1b471e83eb5a5035df964114'
[    0.724503] Loaded X.509 cert 'Canonical Ltd. Live Patch Signing: 14df34d1a87cf37625abec039ef2bf521249b969'
[    0.726638] Loaded X.509 cert 'Canonical Ltd. Kernel Module Signing: 88f752e560a1e0737e31163a466ad7b70a850c19'
[    0.728558] blacklist: Loading compiled-in revocation X.509 certificates
[    0.729818] Loaded X.509 cert 'Canonical Ltd. Secure Boot Signing: 61482aa2830d0ab2ad5af10b7250da9033ddcef0'
[    0.731569] zswap: loaded using pool lzo/zbud
[    0.735105] Key type big_key registered
[    0.735819] Key type trusted registered
[    0.737830] Key type encrypted registered
[    0.738600] AppArmor: AppArmor sha1 policy hashing enabled
[    0.739559] ima: No TPM chip found, activating TPM-bypass! (rc=-19)
[    0.740686] ima: Allocated hash algorithm: sha1
[    0.741525] evm: HMAC attrs: 0x1
[    0.742447]   Magic number: 2:302:544
[    0.743127] tty ttyS20: hash matches
[    0.743907] rtc_cmos rtc_cmos: setting system clock to 2022-08-12 18:30:19 UTC (1660329019)
[    0.745571] BIOS EDD facility v0.16 2004-Jun-25, 0 devices found
[    0.746706] EDD information not available.
[    0.878969] Freeing unused kernel image memory: 2468K
[    0.888028] Write protecting the kernel read-only data: 20480k
[    0.889512] Freeing unused kernel image memory: 2008K
[    0.890679] Freeing unused kernel image memory: 1820K
[    0.899143] x86/mm: Checked W+X mappings: passed, no W+X pages found.
[    0.900256] x86/mm: Checking user space page tables
[    0.908625] x86/mm: Checked W+X mappings: passed, no W+X pages found.
Loading, please wait...
starting version 237
[    1.012221] Fusion MPT base driver 3.04.20
[    1.013246] Copyright (c) 1999-2008 LSI Corporation
[    1.015584] e1000: Intel(R) PRO/1000 Network Driver - version 7.3.21-k8-NAPI
[    1.017275] e1000: Copyright (c) 1999-2006 Intel Corporation.
[    1.033747] Fusion MPT SPI Host driver 3.04.20
[    1.053956] AVX2 version of gcm_enc/dec engaged.
[    1.054910] AES CTR mode by8 optimization enabled
[    1.226863] input: ImExPS/2 Generic Explorer Mouse as /devices/platform/i8042/serio1/input/input4
[    1.471518] e1000 0000:00:03.0 eth0: (PCI:33MHz:32-bit) 02:dd:70:87:b9:65
[    1.473844] e1000 0000:00:03.0 eth0: Intel(R) PRO/1000 Network Connection
[    1.476541] mptbase: ioc0: Initiating bringup
[    1.572304] ioc0: LSI53C1030 A0: Capabilities={Initiator}
[    1.813004] scsi host2: ioc0: LSI53C1030 A0, FwRev=00000000h, Ports=1, MaxQ=256, IRQ=20
[    1.980756] scsi 2:0:0:0: Direct-Access     VBOX     HARDDISK         1.0  PQ: 0 ANSI: 5
[    1.988298] scsi target2:0:0: Beginning Domain Validation
[    1.994588] random: fast init done
[    1.996601] scsi target2:0:0: Domain Validation skipping write tests
[    1.999007] scsi target2:0:0: Ending Domain Validation
[    2.000741] scsi target2:0:0: asynchronous
[    2.002962] scsi 2:0:1:0: Direct-Access     VBOX     HARDDISK         1.0  PQ: 0 ANSI: 5
[    2.006148] scsi target2:0:1: Beginning Domain Validation
[    2.008938] scsi target2:0:1: Domain Validation skipping write tests
[    2.010326] scsi target2:0:1: Ending Domain Validation
[    2.011516] scsi target2:0:1: asynchronous
[    2.016198] random: systemd-udevd: uninitialized urandom read (16 bytes read)
[    2.018406] random: systemd-udevd: uninitialized urandom read (16 bytes read)
[    2.019661] random: systemd-udevd: uninitialized urandom read (16 bytes read)
[    2.021266] sd 2:0:0:0: [sda] 83886080 512-byte logical blocks: (42.9 GB/40.0 GiB)
[    2.022698] sd 2:0:0:0: [sda] Write Protect is off
[    2.023588] sd 2:0:0:0: Attached scsi generic sg0 type 0
[    2.024718] sd 2:0:0:0: [sda] Incomplete mode parameter data
[    2.025695] sd 2:0:0:0: [sda] Assuming drive cache: write through
[    2.027057] sd 2:0:1:0: [sdb] 20480 512-byte logical blocks: (10.5 MB/10.0 MiB)
[    2.028450] sd 2:0:1:0: [sdb] Write Protect is off
[    2.029683] sd 2:0:1:0: [sdb] Incomplete mode parameter data
[    2.030678] sd 2:0:1:0: [sdb] Assuming drive cache: write through
[    2.031790] sd 2:0:1:0: Attached scsi generic sg1 type 0
[    2.037776]  sda: sda1
[    2.038817] sd 2:0:0:0: [sda] Attached SCSI disk
[    2.045203] sd 2:0:1:0: [sdb] Attached SCSI disk
[    2.520272] e1000 0000:00:08.0 eth1: (PCI:33MHz:32-bit) 08:00:27:81:56:9c
[    2.521957] e1000 0000:00:08.0 eth1: Intel(R) PRO/1000 Network Connection
[    2.525535] e1000 0000:00:08.0 enp0s8: renamed from eth1
[    2.528852] e1000 0000:00:03.0 enp0s3: renamed from eth0
Begin: Loading essential drivers ... [    4.140046] raid6: sse2x1   gen() 11847 MB/s
[    4.188040] raid6: sse2x1   xor()  8594 MB/s
[    4.236040] raid6: sse2x2   gen() 14966 MB/s
[    4.284049] raid6: sse2x2   xor()  9023 MB/s
[    4.332081] raid6: sse2x4   gen() 12530 MB/s
[    4.380068] raid6: sse2x4   xor()  8866 MB/s
[    4.428038] raid6: avx2x1   gen() 23952 MB/s
[    4.476058] raid6: avx2x1   xor() 16957 MB/s
[    4.524022] raid6: avx2x2   gen() 29054 MB/s
[    4.572075] raid6: avx2x2   xor() 16471 MB/s
[    4.620086] raid6: avx2x4   gen() 26035 MB/s
[    4.668445] raid6: avx2x4   xor() 11159 MB/s
[    4.669641] raid6: using algorithm avx2x2 gen() 29054 MB/s
[    4.670675] raid6: .... xor() 16471 MB/s, rmw enabled
[    4.671855] raid6: using avx2x2 recovery algorithm
[    4.674614] xor: automatically using best checksumming function   avx       
[    4.677701] async_tx: api initialized (async)
done.
Begin: Running /scripts/init-premount ... done.
Begin: Mounting root file system ... Begin: Running /scripts/local-top ... done.
Begin: Running /scripts/local-premount ... [    4.759580] Btrfs loaded, crc32c=crc32c-intel
Scanning for Btrfs filesystems
done.
Warning: fsck not present, so skipping root file system
[    4.801278] EXT4-fs (sda1): mounted filesystem with ordered data mode. Opts: (null)
done.
Begin: Running /scripts/local-bottom ... done.
Begin: Running /scripts/init-bottom ... done.
[    5.322085] ip_tables: (C) 2000-2006 Netfilter Core Team
[    5.363724] systemd[1]: systemd 237 running in system mode. (+PAM +AUDIT +SELINUX +IMA +APPARMOR +SMACK +SYSVINIT +UTMP +LIBCRYPTSETUP +GCRYPT +GNUTLS +ACL +XZ +LZ4 +SECCOMP +BLKID +ELFUTILS +KMOD -IDN2 +IDN -PCRE2 default-hierarchy=hybrid)
[    5.369392] systemd[1]: Detected virtualization oracle.
[    5.370472] systemd[1]: Detected architecture x86-64.

Welcome to [1mUbuntu 18.04.6 LTS[0m!

[    5.385858] systemd[1]: Set hostname to <ubuntu-bionic>.
[    6.331479] systemd[1]: Reached target User and Group Name Lookups.
[[0;32m  OK  [0m] Reached target User and Group Name Lookups.
[    6.335244] systemd[1]: Created slice System Slice.
[[0;32m  OK  [0m] Created slice System Slice.
[    6.337592] systemd[1]: Listening on Journal Socket.
[[0;32m  OK  [0m] Listening on Journal Socket.
[    6.339532] systemd[1]: Listening on Network Service Netlink Socket.
[[0;32m  OK  [0m] Listening on Network Service Netlink Socket.
[    6.344351] systemd[1]: Mounting Kernel Debug File System...
         Mounting Kernel Debug File System...
[    6.349757] systemd[1]: Listening on LVM2 metadata daemon socket.
[[0;32m  OK  [0m] Listening on LVM2 metadata daemon socket.
         Starting Set the console keyboard layout...
[[0;32m  OK  [0m] Listening on udev Control Socket.
[[0;32m  OK  [0m] Created slice User and Session Slice.
[[0;32m  OK  [0m] Listening on LVM2 poll daemon socket.
[[0;32m  OK  [0m] Listening on Journal Audit Socket.
[[0;32m  OK  [0m] Listening on /dev/initctl Compatibility Named Pipe.
         Mounting POSIX Message Queue File System...
[[0;32m  OK  [0m] Listening on fsck to fsckd communication Socket.
         Starting File System Check on Ro[    6.368573] random: crng init done
[    6.369418] random: 7 urandom warning(s) missed due to ratelimiting
ot Device...
[[0;32m  OK  [0m] Listening on Device-mapper event daemon FIFOs.
         Starting Monitoring of LVM2 mirrorsâ€¦ng dmeventd or progress polling...
[[0;32m  OK  [0m] Listening on Journal Socket (/dev/log).
[[0;32m  OK  [0m] Created slice system-serial\x2dgetty.slice.
         Mounting Huge Pages File System...
         Starting Uncomplicated firewall...
[[0;32m  OK  [0m] Reached target System Time Synchronized.
[[0;32m  OK  [0m] Listening on Syslog Socket.
         Starting Journal Service...
         Starting Create list of required stâ€¦ce nodes for the current kernel...
[[0;32m  OK  [0m] Listening on udev Kernel Socket.
         Starting udev Coldplug all Devices...
[[0;32m  OK  [0m] Reached target Slices.
         Starting Load Kernel Modules...
[[0;32m  OK  [0m] Set up automount Arbitrary Executabâ€¦rmats File System Automount Point.
[[0;32m  OK  [0m] Started Forward Password Requests to Wall Directory Watch.
[[0;32m  OK  [0m] Reached target Swap.
[[0;32m  OK  [0m] Mounted Kernel Debug File System.
[[0;32m  OK  [0m] Mounted POSIX Message Queue File System.
[[0;32m  OK  [0m] Mounted Huge Pages File System.
[[0;32m  OK  [0m] Started Uncomplicated firewall.
[[0;32m  OK  [0m] Started Create list of required staâ€¦vice nodes for the current kernel.
[[0;32m  OK  [0m] Started Journal Service.
[[0;32m  OK  [0m] Started File System Check Daemon to report status.
         Starting Create Static Device Nodes in /dev...
[[0;32m  OK  [0m] Started udev Coldplug all Devices.
[    6.644547] Loading iSCSI transport class v2.0-870.
[[0;32m  OK  [0m] Started LVM2 metadata daemon.
[[0;32m  OK  [0m] Started File System Check on Root Device.
         Starting Remount Root and Kernel File Systems...
[    6.779879] iscsi: registered transport (tcp)
[[0;32m  OK  [0m] Started Create Static Device Nodes in /dev.
[[0;32m  OK  [0m] Started Set the console keyboard layout.
[    6.916604] iscsi: registered transport (iser)
[[0;32m  OK  [0m] Started Load Kernel Modules.
         Mounting Kernel Configuration File System...
[    6.922786] EXT4-fs (sda1): re-mounted. Opts: (null)
         Starting Apply Kernel Variables...
         Mounting FUSE Control File System...
[[0;32m  OK  [0m] Started Remount Root and Kernel File Systems.
[[0;32m  OK  [0m] Mounted Kernel Configuration File System.
         Starting udev Kernel Device Manager...
         Starting Load/Save Random Seed...
         Starting Flush Journal to Persistent Storage...
[[0;32m  OK  [0m] Mounted FUSE Control File System.
[[0;32m  OK  [0m] Started Monitoring of LVM2 mirrors,â€¦sing dmeventd or progress polling.
[[0;32m  OK  [0m] Reached target Local File Systems (Pre).
[[0;32m  OK  [0m] Reached target Local File Systems.
         Starting Tell Plymouth To Write Out Runtime Data...
         Starting ebtables ruleset management...
         Starting AppArmor initialization...
         Starting Set console font and keymap...
[[0;32m  OK  [0m] Started Load/Save Random Seed.
[[0;32m  OK  [0m] Started udev Kernel Device Manager.
[[0;32m  OK  [0m] Started Dispatch Password Requests to Console Directory Watch.
[[0;32m  OK  [0m] Reached target Local Encrypted Volumes.
[[0;32m  OK  [0m] Started Apply Kernel Variables.
[[0;32m  OK  [0m] Started Tell Plymouth To Write Out Runtime Data.
[[0;32m  OK  [0m] Started Set console font and keymap.
[[0;32m  OK  [0m] Started Flush Journal to Persistent Storage.
         Starting Create Volatile Files and Directories...
[[0;32m  OK  [0m] Started Create Volatile Files and Directories.
         Starting Update UTMP about System Boot/Shutdown...
[[0;32m  OK  [0m] Started Update UTMP about System Boot/Shutdown.
[[0;32m  OK  [0m] Started ebtables ruleset management.
[[0;32m  OK  [0m] Found device /dev/ttyS0.
[[0;32m  OK  [0m] Listening on Load/Save RF Kill Switch Status /dev/rfkill Watch.
[[0;32m  OK  [0m] Started AppArmor initialization.
         Starting Load AppArmor profiles managed internally by snapd...
         Starting Initial cloud-init job (pre-networking)...
[[0;32m  OK  [0m] Started Load AppArmor profiles managed internally by snapd.
[   11.550405] cloud-init[543]: Cloud-init v. 22.2-0ubuntu1~18.04.3 running 'init-local' at Fri, 12 Aug 2022 18:30:29 +0000. Up 11.15 seconds.
[[0;32m  OK  [0m] Started Initial cloud-init job (pre-networking).
[[0;32m  OK  [0m] Reached target Network (Pre).
         Starting Network Service...
[[0;32m  OK  [0m] Started Network Service.
         Starting Network Name Resolution...
         Starting Wait for Network to be Configured...
[[0;32m  OK  [0m] Started Network Name Resolution.
[[0;32m  OK  [0m] Reached target Network.
[[0;32m  OK  [0m] Reached target Host and Network Name Lookups.
[[0;32m  OK  [0m] Started Wait for Network to be Configured.
         Starting Initial cloud-init job (metadata service crawler)...
[   14.494072] cloud-init[653]: Cloud-init v. 22.2-0ubuntu1~18.04.3 running 'init' at Fri, 12 Aug 2022 18:30:32 +0000. Up 14.14 seconds.
[   14.503866] cloud-init[653]: ci-info: ++++++++++++++++++++++++++++++++++++++Net device info+++++++++++++++++++++++++++++++++++++++
[   14.505522] cloud-init[653]: ci-info: +--------+------+-----------------------------+---------------+--------+-------------------+
[   14.509734] cloud-init[653]: ci-info: | Device |  Up  |           Address           |      Mask     | Scope  |     Hw-Address    |
[   14.511469] cloud-init[653]: ci-info: +--------+------+-----------------------------+---------------+--------+-------------------+
[   14.513844] cloud-init[653]: ci-info: | enp0s3 | True |          10.0.2.15          | 255.255.255.0 | global | 02:dd:70:87:b9:65 |
[   14.515534] cloud-init[653]: ci-info: | enp0s3 | True |  fe80::dd:70ff:fe87:b965/64 |       .       |  link  | 02:dd:70:87:b9:65 |
[   14.521426] cloud-init[653]: ci-info: | enp0s8 | True |         192.168.1.26        | 255.255.255.0 | global | 08:00:27:81:56:9c |
[   14.529498] cloud-init[653]: ci-info: | enp0s8 | True | fe80::a00:27ff:fe81:569c/64 |       .       |  link  | 08:00:27:81:56:9c |
[   14.533600] cloud-init[653]: ci-info: |   lo   | True |          127.0.0.1          |   255.0.0.0   |  host  |         .         |
[   14.537536] cloud-init[653]: ci-info: |   lo   | True |           ::1/128           |       .       |  host  |         .         |
[   14.541627] cloud-init[653]: ci-info: +--------+------+-----------------------------+---------------+--------+-------------------+
[   14.553127] cloud-init[653]: ci-info: ++++++++++++++++++++++++++++Route IPv4 info+++++++++++++++++++++++++++++
[   14.555296] cloud-init[653]: ci-info: +-------+-------------+----------+-----------------+-----------+-------+
[   14.557330] cloud-init[653]: ci-info: | Route | Destination | Gateway  |     Genmask     | Interface | Flags |
[   14.559264] cloud-init[653]: ci-info: +-------+-------------+----------+-----------------+-----------+-------+
[   14.560869] cloud-init[653]: ci-info: |   0   |   0.0.0.0   | 10.0.2.2 |     0.0.0.0     |   enp0s3  |   UG  |
[   14.567227] cloud-init[653]: ci-info: |   1   |   10.0.2.0  | 0.0.0.0  |  255.255.255.0  |   enp0s3  |   U   |
[   14.570454] cloud-init[653]: ci-info: |   2   |   10.0.2.2  | 0.0.0.0  | 255.255.255.255 |   enp0s3  |   UH  |
[   14.572194] cloud-init[653]: ci-info: |   3   | 192.168.1.0 | 0.0.0.0  |  255.255.255.0  |   enp0s8  |   U   |
[   14.573787] cloud-init[653]: ci-info: +-------+-------------+----------+-----------------+-----------+-------+
[   14.575193] cloud-init[653]: ci-info: +++++++++++++++++++Route IPv6 info+++++++++++++++++++
[   14.576473] cloud-init[653]: ci-info: +-------+-------------+---------+-----------+-------+
[   14.577799] cloud-init[653]: ci-info: | Route | Destination | Gateway | Interface | Flags |
[   14.584188] cloud-init[653]: ci-info: +-------+-------------+---------+-----------+-------+
[   14.586432] cloud-init[653]: ci-info: |   1   |  fe80::/64  |    ::   |   enp0s8  |   U   |
[   14.593770] cloud-init[653]: ci-info: |   2   |  fe80::/64  |    ::   |   enp0s3  |   U   |
[   14.595730] cloud-init[653]: ci-info: |   4   |    local    |    ::   |   enp0s3  |   U   |
[   14.602439] cloud-init[653]: ci-info: |   5   |    local    |    ::   |   enp0s8  |   U   |
[   14.612414] cloud-init[653]: ci-info: |   6   |   ff00::/8  |    ::   |   enp0s8  |   U   |
[   14.614070] cloud-init[653]: ci-info: |   7   |   ff00::/8  |    ::   |   enp0s3  |   U   |
[   14.616149] cloud-init[653]: ci-info: +-------+-------------+---------+-----------+-------+
[[0;32m  OK  [0m] Started Initial cloud-init job (metadata service crawler).
[[0;32m  OK  [0m] Reached target System Initialization.
         Starting Socket activation for snappy daemon.
[[0;32m  OK  [0m] Started Daily apt download activities.
[[0;32m  OK  [0m] Started Message of the Day.
[[0;32m  OK  [0m] Listening on UUID daemon activation socket.
[[0;32m  OK  [0m] Started Daily apt upgrade and clean activities.
[[0;32m  OK  [0m] Listening on ACPID Listen Socket.
[[0;32m  OK  [0m] Started Daily Cleanup of Temporary Directories.
[[0;32m  OK  [0m] Started Ubuntu Advantage Timer for running repeated jobs.
         Starting LXD - unix socket.
[[0;32m  OK  [0m] Started ACPI Events Check.
[[0;32m  OK  [0m] Reached target Paths.
[[0;32m  OK  [0m] Started Discard unused blocks once a week.
[[0;32m  OK  [0m] Listening on Open-iSCSI iscsid Socket.
[[0;32m  OK  [0m] Reached target Timers.
[[0;32m  OK  [0m] Listening on cloud-init hotplug hook socket.
[[0;32m  OK  [0m] Listening on D-Bus System Message Bus Socket.
[[0;32m  OK  [0m] Reached target Network is Online.
         Starting Availability of block devices...
[[0;32m  OK  [0m] Reached target Remote File Systems (Pre).
         Mounting /vagrant...
[[0;32m  OK  [0m] Reached target Cloud-config availability.
[[0;32m  OK  [0m] Listening on Socket activation for snappy daemon.
[[0;32m  OK  [0m] Listening on LXD - unix socket.
[[0;32m  OK  [0m] Started Availability of block devices.
[[0;32m  OK  [0m] Reached target Sockets.
[[0;32m  OK  [0m] Reached target Basic System.
[[0;32m  OK  [0m] Started FUSE filesystem for LXC.
         Starting Accounts Service...
         Starting Login Service...
         Starting Dispatcher daemon for systemd-networkd...
[[0;32m  OK  [0m] Started irqbalance daemon.
         Starting Virtualbox guest utils...
[[0;32m  OK  [0m] Started Deferred execution scheduler.
         Starting LSB: Record successful boot for GRUB...
         Starting LXD - container startup/shutdown...
[[0;32m  OK  [0m] Started D-Bus System Message Bus.
[[0;32m  OK  [0m] Started Login Service.
[[0;32m  OK  [0m] Started Unattended Upgrades Shutdown.
[[0;32m  OK  [0m] Started Regular background program processing daemon.
         Starting OpenBSD Secure Shell server...
         Starting System Logging Service...
         Starting Snap Daemon...
[[0;32m  OK  [0m] Mounted /vagrant.
         Starting Authorization Manager...
[[0;32m  OK  [0m] Reached target Remote File Systems.
         Starting Permit User Sessions...
         Starting LSB: automatic crash report generation...
[[0;32m  OK  [0m] Started System Logging Service.
[[0;32m  OK  [0m] Started Permit User Sessions.
         Starting Hold until boot process finishes up...
         Starting Terminate Plymouth Boot Screen...
[[0;32m  OK  [0m] Started Hold until boot process finishes up.
         Starting Set console scheme...
[[0;32m  OK  [0m] Started Serial Getty on ttyS0.
[[0;32m  OK  [0m] Started Terminate Plymouth Boot Screen.
[[0;32m  OK  [0m] Started Set console scheme.
[[0;32m  OK  [0m] Created slice system-getty.slice.
[[0;32m  OK  [0m] Started Getty on tty1.
[[0;32m  OK  [0m] Reached target Login Prompts.
[[0;32m  OK  [0m] Started Authorization Manager.
[[0;32m  OK  [0m] Started Accounts Service.
[[0;32m  OK  [0m] Started LSB: Record successful boot for GRUB.
[[0;32m  OK  [0m] Started LSB: automatic crash report generation.
[[0;32m  OK  [0m] Started Virtualbox guest utils.
[[0;32m  OK  [0m] Started OpenBSD Secure Shell server.
[[0;32m  OK  [0m] Started Dispatcher daemon for systemd-networkd.
[[0;32m  OK  [0m] Started LXD - container startup/shutdown.
[[0;32m  OK  [0m] Created slice User Slice of vagrant.
         Starting User Manager for UID 1000...
[[0;32m  OK  [0m] Started Session 1 of user vagrant.
[[0;32m  OK  [0m] Started Snap Daemon.
         Starting Wait until snapd is fully seeded...
         Starting Time & Date Service...
[[0;32m  OK  [0m] Started User Manager for UID 1000.
[[0;32m  OK  [0m] Started Time & Date Service.
[[0;32m  OK  [0m] Started Wait until snapd is fully seeded.
         Starting Apply the settings specified in cloud-config...
[   21.408750] cloud-init[1087]: Cloud-init v. 22.2-0ubuntu1~18.04.3 running 'modules:config' at Fri, 12 Aug 2022 18:30:39 +0000. Up 21.10 seconds.
[[0;32m  OK  [0m] Started Apply the settings specified in cloud-config.
[[0;32m  OK  [0m] Reached target Multi-User System.
[[0;32m  OK  [0m] Reached target Graphical Interface.
         Starting Update UTMP about System Runlevel Changes...
         Starting Execute cloud user/final scripts...
[[0;32m  OK  [0m] Started Update UTMP about System Runlevel Changes.

Ubuntu 18.04.6 LTS ubuntu-bionic ttyS0

ubuntu-bionic login: [   22.963142] cloud-init[1146]: Cloud-init v. 22.2-0ubuntu1~18.04.3 running 'modules:final' at Fri, 12 Aug 2022 18:30:41 +0000. Up 22.64 seconds.
[   22.965231] cloud-init[1146]: Cloud-init v. 22.2-0ubuntu1~18.04.3 finished at Fri, 12 Aug 2022 18:30:41 +0000. Datasource DataSourceNoCloud [seed=/dev/sdb][dsmode=net].  Up 22.94 seconds
